c:\users\ahnjiwoo\desktop\projects\crabrenderer\crabrenderer\inter\x64\debug\crabrenderer.pch
c:\users\ahnjiwoo\desktop\projects\crabrenderer\crabrenderer\bin\x64\debug\crabrenderer.pdb
c:\users\ahnjiwoo\desktop\projects\crabrenderer\crabrenderer\bin\x64\debug\crabrenderer.idb
c:\users\ahnjiwoo\desktop\projects\crabrenderer\crabrenderer\inter\x64\debug\internalpch.obj
c:\users\ahnjiwoo\desktop\projects\crabrenderer\crabrenderer\inter\x64\debug\unity_h42n9konqlxzfjaq.obj
c:\users\ahnjiwoo\desktop\projects\crabrenderer\crabrenderer\inter\x64\debug\unity_ta4069ji9kjldfhc.obj
c:\users\ahnjiwoo\desktop\projects\crabrenderer\crabrenderer\inter\x64\debug\unity_n3c83fy933sxnd44.obj
c:\users\ahnjiwoo\desktop\projects\crabrenderer\crabrenderer\inter\x64\debug\unity_z1v47qi17qfs494x.obj
c:\users\ahnjiwoo\desktop\projects\crabrenderer\crabrenderer\inter\x64\debug\unity_82ay3nuaxpu7hb3p.obj
c:\users\ahnjiwoo\desktop\projects\crabrenderer\crabrenderer\inter\x64\debug\unity_25gjnvyvaqoxs5cl.obj
c:\users\ahnjiwoo\desktop\projects\crabrenderer\crabrenderer\inter\x64\debug\unity_nx39e7ouc2dvzxmt.obj
c:\users\ahnjiwoo\desktop\projects\crabrenderer\crabrenderer\bin\x64\debug\crabrenderer.lib
c:\users\ahnjiwoo\desktop\projects\crabrenderer\crabrenderer\inter\x64\debug\crabrenderer.vcxproj.filelistabsolute.txt
c:\users\ahnjiwoo\desktop\projects\crabrenderer\crabrenderer\inter\x64\debug\crabrenderer.tlog\cl.command.1.tlog
c:\users\ahnjiwoo\desktop\projects\crabrenderer\crabrenderer\inter\x64\debug\crabrenderer.tlog\cl.items.tlog
c:\users\ahnjiwoo\desktop\projects\crabrenderer\crabrenderer\inter\x64\debug\crabrenderer.tlog\cl.read.1.tlog
c:\users\ahnjiwoo\desktop\projects\crabrenderer\crabrenderer\inter\x64\debug\crabrenderer.tlog\cl.write.1.tlog
c:\users\ahnjiwoo\desktop\projects\crabrenderer\crabrenderer\inter\x64\debug\crabrenderer.tlog\lib-link.read.1.tlog
c:\users\ahnjiwoo\desktop\projects\crabrenderer\crabrenderer\inter\x64\debug\crabrenderer.tlog\lib-link.write.1.tlog
c:\users\ahnjiwoo\desktop\projects\crabrenderer\crabrenderer\inter\x64\debug\crabrenderer.tlog\lib.command.1.tlog
