c:\users\ahnjiwoo\desktop\projects\crabrenderer\crabrenderer\inter\debug\crabrenderer.pch
c:\users\ahnjiwoo\desktop\projects\crabrenderer\crabrenderer\bin\debug\crabrenderer.pdb
c:\users\ahnjiwoo\desktop\projects\crabrenderer\crabrenderer\bin\debug\crabrenderer.idb
c:\users\ahnjiwoo\desktop\projects\crabrenderer\crabrenderer\inter\debug\internalpch.obj
c:\users\ahnjiwoo\desktop\projects\crabrenderer\crabrenderer\inter\debug\unity_62fwk5n128crefy3.obj
c:\users\ahnjiwoo\desktop\projects\crabrenderer\crabrenderer\inter\debug\unity_ff90oleagwgbei1r.obj
c:\users\ahnjiwoo\desktop\projects\crabrenderer\crabrenderer\inter\debug\unity_kbrechkz80de89cn.obj
c:\users\ahnjiwoo\desktop\projects\crabrenderer\crabrenderer\inter\debug\unity_qbvgexo86le2ugf5.obj
c:\users\ahnjiwoo\desktop\projects\crabrenderer\crabrenderer\inter\debug\unity_o4u1z1t58iwfk8p4.obj
c:\users\ahnjiwoo\desktop\projects\crabrenderer\crabrenderer\inter\debug\unity_l27mergmim5ju4g3.obj
c:\users\ahnjiwoo\desktop\projects\crabrenderer\crabrenderer\inter\debug\unity_jfkcy4fk9mn60hd8.obj
c:\users\ahnjiwoo\desktop\projects\crabrenderer\crabrenderer\inter\debug\unity_w9glxsxhp36nugv0.obj
c:\users\ahnjiwoo\desktop\projects\crabrenderer\crabrenderer\inter\debug\unity_f1dunumdc118r38i.obj
c:\users\ahnjiwoo\desktop\projects\crabrenderer\crabrenderer\inter\debug\unity_w6b7li0f4cpjutxb.obj
c:\users\ahnjiwoo\desktop\projects\crabrenderer\crabrenderer\inter\debug\unity_mrycarzrkeo472cr.obj
c:\users\ahnjiwoo\desktop\projects\crabrenderer\crabrenderer\inter\debug\unity_4mqlpvcvf11svuyb.obj
c:\users\ahnjiwoo\desktop\projects\crabrenderer\crabrenderer\inter\debug\unity_78gcyjulv3v1ttul.obj
c:\users\ahnjiwoo\desktop\projects\crabrenderer\crabrenderer\inter\debug\unity_t5qml2xzud32h43z.obj
c:\users\ahnjiwoo\desktop\projects\crabrenderer\crabrenderer\bin\debug\crabrenderer.lib
c:\users\ahnjiwoo\desktop\projects\crabrenderer\crabrenderer\\bin\debug\crabrenderer.pdb
c:\users\ahnjiwoo\desktop\projects\crabrenderer\crabrenderer\\inter\debug\crabrenderer.vcxproj.filelistabsolute.txt
c:\users\ahnjiwoo\desktop\projects\crabrenderer\crabrenderer\inter\debug\crabrenderer.tlog\cl.command.1.tlog
c:\users\ahnjiwoo\desktop\projects\crabrenderer\crabrenderer\inter\debug\crabrenderer.tlog\cl.items.tlog
c:\users\ahnjiwoo\desktop\projects\crabrenderer\crabrenderer\inter\debug\crabrenderer.tlog\cl.read.1.tlog
c:\users\ahnjiwoo\desktop\projects\crabrenderer\crabrenderer\inter\debug\crabrenderer.tlog\cl.write.1.tlog
c:\users\ahnjiwoo\desktop\projects\crabrenderer\crabrenderer\inter\debug\crabrenderer.tlog\lib-link.read.1.tlog
c:\users\ahnjiwoo\desktop\projects\crabrenderer\crabrenderer\inter\debug\crabrenderer.tlog\lib-link.write.1.tlog
c:\users\ahnjiwoo\desktop\projects\crabrenderer\crabrenderer\inter\debug\crabrenderer.tlog\lib.command.1.tlog
