c:\users\ahnjiwoo\desktop\projects\crabrenderer\demoprogram\inter\x64\debug\demoprogram.pch
c:\users\ahnjiwoo\desktop\projects\crabrenderer\demoprogram\inter\x64\debug\vc143.pdb
c:\users\ahnjiwoo\desktop\projects\crabrenderer\demoprogram\inter\x64\debug\vc143.idb
c:\users\ahnjiwoo\desktop\projects\crabrenderer\demoprogram\inter\x64\debug\pch.obj
c:\users\ahnjiwoo\desktop\projects\crabrenderer\demoprogram\inter\x64\debug\unity_y4ijndssgdq8tcrs.obj
c:\users\ahnjiwoo\desktop\projects\crabrenderer\demoprogram\bin\x64\debug\assimp-vc143-mtd.dll
c:\users\ahnjiwoo\desktop\projects\crabrenderer\demoprogram\bin\x64\debug\poly2tri.dll
c:\users\ahnjiwoo\desktop\projects\crabrenderer\demoprogram\bin\x64\debug\minizip.dll
c:\users\ahnjiwoo\desktop\projects\crabrenderer\demoprogram\bin\x64\debug\zlibd1.dll
c:\users\ahnjiwoo\desktop\projects\crabrenderer\demoprogram\bin\x64\debug\pugixml.dll
c:\users\ahnjiwoo\desktop\projects\crabrenderer\demoprogram\bin\x64\debug\fmtd.dll
c:\users\ahnjiwoo\desktop\projects\crabrenderer\demoprogram\bin\x64\debug\openexr-3_3_d.dll
c:\users\ahnjiwoo\desktop\projects\crabrenderer\demoprogram\bin\x64\debug\ilmthread-3_3_d.dll
c:\users\ahnjiwoo\desktop\projects\crabrenderer\demoprogram\bin\x64\debug\iex-3_3_d.dll
c:\users\ahnjiwoo\desktop\projects\crabrenderer\demoprogram\bin\x64\debug\openexrcore-3_3_d.dll
c:\users\ahnjiwoo\desktop\projects\crabrenderer\demoprogram\bin\x64\debug\deflate.dll
c:\users\ahnjiwoo\desktop\projects\crabrenderer\demoprogram\bin\x64\debug\imath-3_1_d.dll
c:\users\ahnjiwoo\desktop\projects\crabrenderer\demoprogram\bin\x64\debug\sdl3.dll
c:\users\ahnjiwoo\desktop\projects\crabrenderer\demoprogram\bin\x64\debug\demoprogram.exe
c:\users\ahnjiwoo\desktop\projects\crabrenderer\demoprogram\bin\x64\debug\demoprogram.pdb
c:\users\ahnjiwoo\desktop\projects\crabrenderer\demoprogram\inter\x64\debug\demoprogram.ilk
c:\users\ahnjiwoo\desktop\projects\crabrenderer\demoprogram\inter\x64\debug\demoprogram.vcxproj.filelistabsolute.txt
c:\users\ahnjiwoo\desktop\projects\crabrenderer\demoprogram\inter\x64\debug\demoprogram.tlog\cl.command.1.tlog
c:\users\ahnjiwoo\desktop\projects\crabrenderer\demoprogram\inter\x64\debug\demoprogram.tlog\cl.items.tlog
c:\users\ahnjiwoo\desktop\projects\crabrenderer\demoprogram\inter\x64\debug\demoprogram.tlog\cl.read.1.tlog
c:\users\ahnjiwoo\desktop\projects\crabrenderer\demoprogram\inter\x64\debug\demoprogram.tlog\cl.write.1.tlog
c:\users\ahnjiwoo\desktop\projects\crabrenderer\demoprogram\inter\x64\debug\demoprogram.tlog\demoprogram.write.1u.tlog
c:\users\ahnjiwoo\desktop\projects\crabrenderer\demoprogram\inter\x64\debug\demoprogram.tlog\link.command.1.tlog
c:\users\ahnjiwoo\desktop\projects\crabrenderer\demoprogram\inter\x64\debug\demoprogram.tlog\link.read.1.tlog
c:\users\ahnjiwoo\desktop\projects\crabrenderer\demoprogram\inter\x64\debug\demoprogram.tlog\link.secondary.1.tlog
c:\users\ahnjiwoo\desktop\projects\crabrenderer\demoprogram\inter\x64\debug\demoprogram.tlog\link.write.1.tlog
