  compilation object save succeeded; see C:\Users\ajw01\Desktop\CrabRenderer\DemoProgram\Bin\Release\DebugNormalMappingPS.cso
C:\Program Files\Microsoft Visual Studio\2022\Community\MSBuild\Microsoft\VC\v170\Microsoft.Cpp.Unity.targets(192,5): warning : 'C:\Users\Ahnjiwoo\Desktop\Projects\CrabRenderer\DemoProgram\Inter\Release\unity_PZ5VNE13C2PKNF6D.cpp' 경로의 일부를 찾을 수 없습니다.
  pch.cpp
  unity_9SBX06XSUU81PN0Z.cpp
C:\Users\ajw01\Desktop\CrabRenderer\DemoProgram\28. AnimationDemo.cpp(1,1): warning C4828: 파일에 0x46cc 오프셋에서 시작하는 문자가 포함되어 있습니다. 이 문자는 현재 원본 문자 집합에서 잘못된 문자입니다(코드 페이지 65001).
  (소스 파일 'Inter/Release/unity_9SBX06XSUU81PN0Z.cpp'을(를) 컴파일하는 중)
  
C:\Users\ajw01\Desktop\CrabRenderer\DemoProgram\28. AnimationDemo.cpp(1,1): warning C4828: 파일에 0x46cd 오프셋에서 시작하는 문자가 포함되어 있습니다. 이 문자는 현재 원본 문자 집합에서 잘못된 문자입니다(코드 페이지 65001).
  (소스 파일 'Inter/Release/unity_9SBX06XSUU81PN0Z.cpp'을(를) 컴파일하는 중)
  
C:\Users\ajw01\Desktop\CrabRenderer\DemoProgram\28. AnimationDemo.cpp(1,1): warning C4828: 파일에 0x46ce 오프셋에서 시작하는 문자가 포함되어 있습니다. 이 문자는 현재 원본 문자 집합에서 잘못된 문자입니다(코드 페이지 65001).
  (소스 파일 'Inter/Release/unity_9SBX06XSUU81PN0Z.cpp'을(를) 컴파일하는 중)
  
C:\Users\ajw01\Desktop\CrabRenderer\DemoProgram\28. AnimationDemo.cpp(1,1): warning C4828: 파일에 0x46d0 오프셋에서 시작하는 문자가 포함되어 있습니다. 이 문자는 현재 원본 문자 집합에서 잘못된 문자입니다(코드 페이지 65001).
  (소스 파일 'Inter/Release/unity_9SBX06XSUU81PN0Z.cpp'을(를) 컴파일하는 중)
  
C:\Users\ajw01\Desktop\CrabRenderer\DemoProgram\28. AnimationDemo.cpp(1,1): warning C4828: 파일에 0x46d1 오프셋에서 시작하는 문자가 포함되어 있습니다. 이 문자는 현재 원본 문자 집합에서 잘못된 문자입니다(코드 페이지 65001).
  (소스 파일 'Inter/Release/unity_9SBX06XSUU81PN0Z.cpp'을(를) 컴파일하는 중)
  
C:\Users\ajw01\Desktop\CrabRenderer\DemoProgram\28. AnimationDemo.cpp(1,1): warning C4828: 파일에 0x46d3 오프셋에서 시작하는 문자가 포함되어 있습니다. 이 문자는 현재 원본 문자 집합에서 잘못된 문자입니다(코드 페이지 65001).
  (소스 파일 'Inter/Release/unity_9SBX06XSUU81PN0Z.cpp'을(를) 컴파일하는 중)
  
C:\Users\ajw01\Desktop\CrabRenderer\DemoProgram\28. AnimationDemo.cpp(1,1): warning C4828: 파일에 0x46d5 오프셋에서 시작하는 문자가 포함되어 있습니다. 이 문자는 현재 원본 문자 집합에서 잘못된 문자입니다(코드 페이지 65001).
  (소스 파일 'Inter/Release/unity_9SBX06XSUU81PN0Z.cpp'을(를) 컴파일하는 중)
  
C:\Users\ajw01\Desktop\CrabRenderer\DemoProgram\28. AnimationDemo.cpp(1,1): warning C4828: 파일에 0x4810 오프셋에서 시작하는 문자가 포함되어 있습니다. 이 문자는 현재 원본 문자 집합에서 잘못된 문자입니다(코드 페이지 65001).
  (소스 파일 'Inter/Release/unity_9SBX06XSUU81PN0Z.cpp'을(를) 컴파일하는 중)
  
C:\Users\ajw01\Desktop\CrabRenderer\DemoProgram\28. AnimationDemo.cpp(1,1): warning C4828: 파일에 0x4813 오프셋에서 시작하는 문자가 포함되어 있습니다. 이 문자는 현재 원본 문자 집합에서 잘못된 문자입니다(코드 페이지 65001).
  (소스 파일 'Inter/Release/unity_9SBX06XSUU81PN0Z.cpp'을(를) 컴파일하는 중)
  
C:\Users\ajw01\Desktop\CrabRenderer\DemoProgram\28. AnimationDemo.cpp(1,1): warning C4828: 파일에 0x4814 오프셋에서 시작하는 문자가 포함되어 있습니다. 이 문자는 현재 원본 문자 집합에서 잘못된 문자입니다(코드 페이지 65001).
  (소스 파일 'Inter/Release/unity_9SBX06XSUU81PN0Z.cpp'을(를) 컴파일하는 중)
  
C:\Users\ajw01\Desktop\CrabRenderer\DemoProgram\28. AnimationDemo.cpp(1,1): warning C4828: 파일에 0x4816 오프셋에서 시작하는 문자가 포함되어 있습니다. 이 문자는 현재 원본 문자 집합에서 잘못된 문자입니다(코드 페이지 65001).
  (소스 파일 'Inter/Release/unity_9SBX06XSUU81PN0Z.cpp'을(를) 컴파일하는 중)
  
C:\Users\ajw01\Desktop\CrabRenderer\DemoProgram\GUIs.h(157,36): warning C4244: '인수': 'unsigned __int64'에서 'int'(으)로 변환하면서 데이터가 손실될 수 있습니다.
  (소스 파일 'Inter/Release/unity_9SBX06XSUU81PN0Z.cpp'을(를) 컴파일하는 중)
  
C:\Users\ajw01\Desktop\CrabRenderer\DemoProgram\28. AnimationDemo.cpp(24,64): warning C4244: '인수': 'float'에서 'crab::uint32'(으)로 변환하면서 데이터가 손실될 수 있습니다.
  (소스 파일 'Inter/Release/unity_9SBX06XSUU81PN0Z.cpp'을(를) 컴파일하는 중)
  
C:\Users\ajw01\Desktop\CrabRenderer\DemoProgram\28. AnimationDemo.cpp(24,58): warning C4244: '인수': 'float'에서 'crab::uint32'(으)로 변환하면서 데이터가 손실될 수 있습니다.
  (소스 파일 'Inter/Release/unity_9SBX06XSUU81PN0Z.cpp'을(를) 컴파일하는 중)
  
CrabRenderer.lib(CrabPch.obj) : error LNK2005: wWinMain이(가) pch.obj에 이미 정의되어 있습니다.
CrabRenderer.lib(CrabPch.obj) : error LNK2005: wmain이(가) pch.obj에 이미 정의되어 있습니다.
LINK : fatal error LNK1104: 'DirectXTK.lib' 파일을 열 수 없습니다.
