C:\Program Files\Microsoft Visual Studio\2022\Community\MSBuild\Microsoft\VC\v170\Microsoft.CppBuild.targets(534,5): warning MSB8028: 중간 디렉터리(C:\Users\ajw01\Desktop\CrabRenderer\CrabRenderer\\Inter\Debug\)에 다른 프로젝트(DemoProgram.vcxproj)에서 공유하는 파일이 포함되어 있습니다.  이로 인해 잘못된 정리 및 다시 빌드 동작이 수행될 수 있습니다.
  pch.cpp
  unity_9SBX06XSUU81PN0Z.cpp
C:\Users\ajw01\Desktop\CrabRenderer\DemoProgram\28. AnimationDemo.cpp(1,1): warning C4828: 파일에 0x5fc2 오프셋에서 시작하는 문자가 포함되어 있습니다. 이 문자는 현재 원본 문자 집합에서 잘못된 문자입니다(코드 페이지 65001).
  (소스 파일 'Inter/Debug/unity_9SBX06XSUU81PN0Z.cpp'을(를) 컴파일하는 중)
  
C:\Users\ajw01\Desktop\CrabRenderer\DemoProgram\28. AnimationDemo.cpp(1,1): warning C4828: 파일에 0x5fc3 오프셋에서 시작하는 문자가 포함되어 있습니다. 이 문자는 현재 원본 문자 집합에서 잘못된 문자입니다(코드 페이지 65001).
  (소스 파일 'Inter/Debug/unity_9SBX06XSUU81PN0Z.cpp'을(를) 컴파일하는 중)
  
C:\Users\ajw01\Desktop\CrabRenderer\DemoProgram\28. AnimationDemo.cpp(1,1): warning C4828: 파일에 0x5fc4 오프셋에서 시작하는 문자가 포함되어 있습니다. 이 문자는 현재 원본 문자 집합에서 잘못된 문자입니다(코드 페이지 65001).
  (소스 파일 'Inter/Debug/unity_9SBX06XSUU81PN0Z.cpp'을(를) 컴파일하는 중)
  
C:\Users\ajw01\Desktop\CrabRenderer\DemoProgram\28. AnimationDemo.cpp(1,1): warning C4828: 파일에 0x5fc6 오프셋에서 시작하는 문자가 포함되어 있습니다. 이 문자는 현재 원본 문자 집합에서 잘못된 문자입니다(코드 페이지 65001).
  (소스 파일 'Inter/Debug/unity_9SBX06XSUU81PN0Z.cpp'을(를) 컴파일하는 중)
  
C:\Users\ajw01\Desktop\CrabRenderer\DemoProgram\28. AnimationDemo.cpp(1,1): warning C4828: 파일에 0x5fc7 오프셋에서 시작하는 문자가 포함되어 있습니다. 이 문자는 현재 원본 문자 집합에서 잘못된 문자입니다(코드 페이지 65001).
  (소스 파일 'Inter/Debug/unity_9SBX06XSUU81PN0Z.cpp'을(를) 컴파일하는 중)
  
C:\Users\ajw01\Desktop\CrabRenderer\DemoProgram\28. AnimationDemo.cpp(1,1): warning C4828: 파일에 0x5fc9 오프셋에서 시작하는 문자가 포함되어 있습니다. 이 문자는 현재 원본 문자 집합에서 잘못된 문자입니다(코드 페이지 65001).
  (소스 파일 'Inter/Debug/unity_9SBX06XSUU81PN0Z.cpp'을(를) 컴파일하는 중)
  
C:\Users\ajw01\Desktop\CrabRenderer\DemoProgram\28. AnimationDemo.cpp(1,1): warning C4828: 파일에 0x5fcb 오프셋에서 시작하는 문자가 포함되어 있습니다. 이 문자는 현재 원본 문자 집합에서 잘못된 문자입니다(코드 페이지 65001).
  (소스 파일 'Inter/Debug/unity_9SBX06XSUU81PN0Z.cpp'을(를) 컴파일하는 중)
  
C:\Users\ajw01\Desktop\CrabRenderer\DemoProgram\28. AnimationDemo.cpp(1,1): warning C4828: 파일에 0x6106 오프셋에서 시작하는 문자가 포함되어 있습니다. 이 문자는 현재 원본 문자 집합에서 잘못된 문자입니다(코드 페이지 65001).
  (소스 파일 'Inter/Debug/unity_9SBX06XSUU81PN0Z.cpp'을(를) 컴파일하는 중)
  
C:\Users\ajw01\Desktop\CrabRenderer\DemoProgram\28. AnimationDemo.cpp(1,1): warning C4828: 파일에 0x6109 오프셋에서 시작하는 문자가 포함되어 있습니다. 이 문자는 현재 원본 문자 집합에서 잘못된 문자입니다(코드 페이지 65001).
  (소스 파일 'Inter/Debug/unity_9SBX06XSUU81PN0Z.cpp'을(를) 컴파일하는 중)
  
C:\Users\ajw01\Desktop\CrabRenderer\DemoProgram\28. AnimationDemo.cpp(1,1): warning C4828: 파일에 0x610a 오프셋에서 시작하는 문자가 포함되어 있습니다. 이 문자는 현재 원본 문자 집합에서 잘못된 문자입니다(코드 페이지 65001).
  (소스 파일 'Inter/Debug/unity_9SBX06XSUU81PN0Z.cpp'을(를) 컴파일하는 중)
  
C:\Users\ajw01\Desktop\CrabRenderer\DemoProgram\28. AnimationDemo.cpp(1,1): warning C4828: 파일에 0x610c 오프셋에서 시작하는 문자가 포함되어 있습니다. 이 문자는 현재 원본 문자 집합에서 잘못된 문자입니다(코드 페이지 65001).
  (소스 파일 'Inter/Debug/unity_9SBX06XSUU81PN0Z.cpp'을(를) 컴파일하는 중)
  
C:\Users\ajw01\Desktop\CrabRenderer\DemoProgram\GUIs.h(157,36): warning C4244: '인수': 'unsigned __int64'에서 'int'(으)로 변환하면서 데이터가 손실될 수 있습니다.
  (소스 파일 'Inter/Debug/unity_9SBX06XSUU81PN0Z.cpp'을(를) 컴파일하는 중)
  
C:\Users\ajw01\Desktop\CrabRenderer\DemoProgram\28. AnimationDemo.cpp(24,64): warning C4244: '인수': 'float'에서 'crab::uint32'(으)로 변환하면서 데이터가 손실될 수 있습니다.
  (소스 파일 'Inter/Debug/unity_9SBX06XSUU81PN0Z.cpp'을(를) 컴파일하는 중)
  
C:\Users\ajw01\Desktop\CrabRenderer\DemoProgram\28. AnimationDemo.cpp(24,58): warning C4244: '인수': 'float'에서 'crab::uint32'(으)로 변환하면서 데이터가 손실될 수 있습니다.
  (소스 파일 'Inter/Debug/unity_9SBX06XSUU81PN0Z.cpp'을(를) 컴파일하는 중)
  
C:\Users\ajw01\Desktop\CrabRenderer\DemoProgram\28. AnimationDemo.cpp(421,23): warning C4244: '=': 'crab::int32'에서 'float'(으)로 변환하면서 데이터가 손실될 수 있습니다.
  (소스 파일 'Inter/Debug/unity_9SBX06XSUU81PN0Z.cpp'을(를) 컴파일하는 중)
  
C:\Users\ajw01\Desktop\CrabRenderer\DemoProgram\28. AnimationDemo.cpp(422,23): warning C4244: '=': 'crab::int32'에서 'float'(으)로 변환하면서 데이터가 손실될 수 있습니다.
  (소스 파일 'Inter/Debug/unity_9SBX06XSUU81PN0Z.cpp'을(를) 컴파일하는 중)
  
  DemoProgram.vcxproj -> C:\Users\ajw01\Desktop\CrabRenderer\DemoProgram\Bin\Debug\DemoProgram.exe
  'pwsh.exe' is not recognized as an internal or external command,
  operable program or batch file.
