c:\users\ajw01\desktop\crabrenderer\demoprogram\inter\debug\demoprogram.pch
c:\users\ajw01\desktop\crabrenderer\demoprogram\inter\debug\vc143.pdb
c:\users\ajw01\desktop\crabrenderer\demoprogram\inter\debug\vc143.idb
c:\users\ajw01\desktop\crabrenderer\demoprogram\inter\debug\pch.obj
c:\users\ajw01\desktop\crabrenderer\demoprogram\bin\debug\assimp-vc143-mtd.dll
c:\users\ajw01\desktop\crabrenderer\demoprogram\bin\debug\poly2tri.dll
c:\users\ajw01\desktop\crabrenderer\demoprogram\bin\debug\minizip.dll
c:\users\ajw01\desktop\crabrenderer\demoprogram\bin\debug\zlibd1.dll
c:\users\ajw01\desktop\crabrenderer\demoprogram\bin\debug\pugixml.dll
c:\users\ajw01\desktop\crabrenderer\demoprogram\bin\debug\fmtd.dll
c:\users\ajw01\desktop\crabrenderer\demoprogram\bin\debug\openexr-3_3_d.dll
c:\users\ajw01\desktop\crabrenderer\demoprogram\bin\debug\ilmthread-3_3_d.dll
c:\users\ajw01\desktop\crabrenderer\demoprogram\bin\debug\iex-3_3_d.dll
c:\users\ajw01\desktop\crabrenderer\demoprogram\bin\debug\openexrcore-3_3_d.dll
c:\users\ajw01\desktop\crabrenderer\demoprogram\bin\debug\deflate.dll
c:\users\ajw01\desktop\crabrenderer\demoprogram\bin\debug\imath-3_1_d.dll
c:\users\ajw01\desktop\crabrenderer\demoprogram\bin\debug\sdl3.dll
c:\users\ajw01\desktop\crabrenderer\demoprogram\bin\debug\debugnormalmappingps.cso
c:\users\ajw01\desktop\crabrenderer\demoprogram\bin\debug\demoprogram.exe
c:\users\ajw01\desktop\crabrenderer\demoprogram\bin\debug\demoprogram.pdb
c:\users\ajw01\desktop\crabrenderer\demoprogram\inter\debug\demoprogram.ilk
c:\users\ajw01\desktop\crabrenderer\demoprogram\inter\debug\demoprogram.vcxproj.filelistabsolute.txt
c:\users\ajw01\desktop\crabrenderer\demoprogram\inter\debug\demoprogram.tlog\cl.command.1.tlog
c:\users\ajw01\desktop\crabrenderer\demoprogram\inter\debug\demoprogram.tlog\cl.items.tlog
c:\users\ajw01\desktop\crabrenderer\demoprogram\inter\debug\demoprogram.tlog\cl.read.1.tlog
c:\users\ajw01\desktop\crabrenderer\demoprogram\inter\debug\demoprogram.tlog\cl.write.1.tlog
c:\users\ajw01\desktop\crabrenderer\demoprogram\inter\debug\demoprogram.tlog\demoprogram.write.1u.tlog
c:\users\ajw01\desktop\crabrenderer\demoprogram\inter\debug\demoprogram.tlog\fxc.command.1.tlog
c:\users\ajw01\desktop\crabrenderer\demoprogram\inter\debug\demoprogram.tlog\fxc.read.1.tlog
c:\users\ajw01\desktop\crabrenderer\demoprogram\inter\debug\demoprogram.tlog\fxc.write.1.tlog
c:\users\ajw01\desktop\crabrenderer\demoprogram\inter\debug\demoprogram.tlog\link.command.1.tlog
c:\users\ajw01\desktop\crabrenderer\demoprogram\inter\debug\demoprogram.tlog\link.read.1.tlog
c:\users\ajw01\desktop\crabrenderer\demoprogram\inter\debug\demoprogram.tlog\link.secondary.1.tlog
c:\users\ajw01\desktop\crabrenderer\demoprogram\inter\debug\demoprogram.tlog\link.write.1.tlog
